Java HotSpot(TM) 64-Bit Server VM (25.66-b17) for linux-amd64 JRE (1.8.0_66-b17), built on Oct  6 2015 17:28:34 by "java_re" with gcc 4.3.0 20080428 (Red Hat 4.3.0-8)
Memory: 4k page, physical 16312088k(10550892k free), swap 8264700k(8264700k free)
CommandLine flags: -XX:InitialHeapSize=536870912 -XX:MaxHeapSize=536870912 -XX:MaxTenuringThreshold=6 -XX:NewRatio=3 -XX:OldPLABSize=16 -XX:+PrintGC -XX:+PrintGCDetails -XX:+PrintGCTimeStamps -XX:+UseCompressedClassPointers -XX:+UseCompressedOops -XX:+UseConcMarkSweepGC -XX:+UseParNewGC 
25.038: [GC (Allocation Failure) 25.038: [ParNew: 96358K->10545K(118016K), 0.0422908 secs] 96358K->92468K(511232K), 0.0423795 secs] [Times: user=0.14 sys=0.02, real=0.04 secs] 
35.151: [GC (Allocation Failure) 35.151: [ParNew: 114999K->10341K(118016K), 0.0742209 secs] 196921K->194973K(511232K), 0.0743205 secs] [Times: user=0.27 sys=0.02, real=0.07 secs] 
43.361: [GC (Allocation Failure) 43.361: [ParNew: 114799K->10265K(118016K), 0.0697021 secs] 299432K->297297K(511232K), 0.0698216 secs] [Times: user=0.26 sys=0.01, real=0.07 secs] 
43.433: [GC (CMS Initial Mark) [1 CMS-initial-mark: 287032K(393216K)] 307537K(511232K), 0.0013535 secs] [Times: user=0.00 sys=0.00, real=0.00 secs] 
43.434: [CMS-concurrent-mark-start]
43.440: [CMS-concurrent-mark: 0.006/0.006 secs] [Times: user=0.01 sys=0.01, real=0.00 secs] 
43.440: [CMS-concurrent-preclean-start]
43.441: [CMS-concurrent-preclean: 0.001/0.001 secs] [Times: user=0.00 sys=0.00, real=0.00 secs] 
43.441: [CMS-concurrent-abortable-preclean-start]
 CMS: abort preclean due to time 48.532: [CMS-concurrent-abortable-preclean: 0.085/5.091 secs] [Times: user=0.09 sys=0.00, real=5.10 secs] 
48.533: [GC (CMS Final Remark) [YG occupancy: 22563 K (118016 K)]48.533: [Rescan (parallel) , 0.0010124 secs]48.534: [weak refs processing, 0.0000248 secs]48.534: [class unloading, 0.0003395 secs]48.534: [scrub symbol table, 0.0006922 secs]48.535: [scrub string table, 0.0005623 secs][1 CMS-remark: 287032K(393216K)] 309595K(511232K), 0.0027977 secs] [Times: user=0.00 sys=0.00, real=0.00 secs] 
48.536: [CMS-concurrent-sweep-start]
48.536: [CMS-concurrent-sweep: 0.000/0.000 secs] [Times: user=0.00 sys=0.00, real=0.00 secs] 
48.536: [CMS-concurrent-reset-start]
48.539: [CMS-concurrent-reset: 0.003/0.003 secs] [Times: user=0.01 sys=0.00, real=0.00 secs] 
50.538: [GC (CMS Initial Mark) [1 CMS-initial-mark: 287031K(393216K)] 371034K(511232K), 0.0003808 secs] [Times: user=0.00 sys=0.00, real=0.00 secs] 
50.539: [CMS-concurrent-mark-start]
50.548: [CMS-concurrent-mark: 0.009/0.009 secs] [Times: user=0.01 sys=0.00, real=0.01 secs] 
50.548: [CMS-concurrent-preclean-start]
50.550: [CMS-concurrent-preclean: 0.002/0.002 secs] [Times: user=0.01 sys=0.00, real=0.00 secs] 
50.550: [CMS-concurrent-abortable-preclean-start]
52.373: [GC (Allocation Failure) 52.373: [ParNew: 114723K->114723K(118016K), 0.0000380 secs]52.373: [CMS52.373: [CMS-concurrent-abortable-preclean: 0.032/1.823 secs] [Times: user=0.04 sys=0.00, real=1.83 secs] 
 (concurrent mode failure): 287031K->389407K(393216K), 0.1251357 secs] 401755K->399647K(511232K), [Metaspace: 2471K->2471K(1056768K)], 0.1252832 secs] [Times: user=0.12 sys=0.00, real=0.12 secs] 
54.497: [GC (CMS Initial Mark) [1 CMS-initial-mark: 389407K(393216K)] 411945K(511232K), 0.0004638 secs] [Times: user=0.00 sys=0.00, real=0.00 secs] 
54.498: [CMS-concurrent-mark-start]
54.507: [CMS-concurrent-mark: 0.009/0.009 secs] [Times: user=0.01 sys=0.00, real=0.01 secs] 
54.507: [CMS-concurrent-preclean-start]
54.510: [CMS-concurrent-preclean: 0.003/0.003 secs] [Times: user=0.00 sys=0.00, real=0.00 secs] 
54.510: [CMS-concurrent-abortable-preclean-start]
54.510: [CMS-concurrent-abortable-preclean: 0.000/0.000 secs] [Times: user=0.00 sys=0.00, real=0.00 secs] 
54.510: [GC (CMS Final Remark) [YG occupancy: 22538 K (118016 K)]54.510: [Rescan (parallel) , 0.0007394 secs]54.511: [weak refs processing, 0.0000246 secs]54.511: [class unloading, 0.0003608 secs]54.511: [scrub symbol table, 0.0006547 secs]54.512: [scrub string table, 0.0004838 secs][1 CMS-remark: 389407K(393216K)] 411945K(511232K), 0.0024161 secs] [Times: user=0.00 sys=0.00, real=0.01 secs] 
54.513: [CMS-concurrent-sweep-start]
54.513: [CMS-concurrent-sweep: 0.000/0.000 secs] [Times: user=0.00 sys=0.00, real=0.00 secs] 
54.513: [CMS-concurrent-reset-start]
54.514: [CMS-concurrent-reset: 0.001/0.001 secs] [Times: user=0.01 sys=0.00, real=0.00 secs] 
56.514: [GC (CMS Initial Mark) [1 CMS-initial-mark: 389407K(393216K)] 411945K(511232K), 0.0004609 secs] [Times: user=0.00 sys=0.00, real=0.00 secs] 
56.514: [CMS-concurrent-mark-start]
56.523: [CMS-concurrent-mark: 0.009/0.009 secs] [Times: user=0.01 sys=0.00, real=0.01 secs] 
56.523: [CMS-concurrent-preclean-start]
56.525: [CMS-concurrent-preclean: 0.002/0.002 secs] [Times: user=0.00 sys=0.00, real=0.00 secs] 
56.525: [CMS-concurrent-abortable-preclean-start]
56.525: [CMS-concurrent-abortable-preclean: 0.000/0.000 secs] [Times: user=0.00 sys=0.00, real=0.00 secs] 
56.526: [GC (CMS Final Remark) [YG occupancy: 22538 K (118016 K)]56.526: [Rescan (parallel) , 0.0007455 secs]56.527: [weak refs processing, 0.0000246 secs]56.527: [class unloading, 0.0003453 secs]56.527: [scrub symbol table, 0.0007546 secs]56.528: [scrub string table, 0.0005234 secs][1 CMS-remark: 389407K(393216K)] 411945K(511232K), 0.0025458 secs] [Times: user=0.00 sys=0.00, real=0.00 secs] 
56.528: [CMS-concurrent-sweep-start]
56.529: [CMS-concurrent-sweep: 0.000/0.000 secs] [Times: user=0.00 sys=0.00, real=0.00 secs] 
56.529: [CMS-concurrent-reset-start]
56.530: [CMS-concurrent-reset: 0.002/0.002 secs] [Times: user=0.01 sys=0.00, real=0.00 secs] 
58.530: [GC (CMS Initial Mark) [1 CMS-initial-mark: 389407K(393216K)] 411945K(511232K), 0.0004358 secs] [Times: user=0.00 sys=0.00, real=0.00 secs] 
58.530: [CMS-concurrent-mark-start]
58.539: [CMS-concurrent-mark: 0.009/0.009 secs] [Times: user=0.01 sys=0.00, real=0.01 secs] 
58.539: [CMS-concurrent-preclean-start]
58.541: [CMS-concurrent-preclean: 0.002/0.002 secs] [Times: user=0.00 sys=0.00, real=0.00 secs] 
58.541: [CMS-concurrent-abortable-preclean-start]
58.541: [CMS-concurrent-abortable-preclean: 0.000/0.000 secs] [Times: user=0.00 sys=0.00, real=0.00 secs] 
58.542: [GC (CMS Final Remark) [YG occupancy: 22538 K (118016 K)]58.542: [Rescan (parallel) , 0.0007450 secs]58.542: [weak refs processing, 0.0000246 secs]58.542: [class unloading, 0.0003475 secs]58.543: [scrub symbol table, 0.0007168 secs]58.544: [scrub string table, 0.0004705 secs][1 CMS-remark: 389407K(393216K)] 411945K(511232K), 0.0024527 secs] [Times: user=0.00 sys=0.00, real=0.01 secs] 
58.544: [CMS-concurrent-sweep-start]
58.545: [CMS-concurrent-sweep: 0.000/0.000 secs] [Times: user=0.00 sys=0.00, real=0.00 secs] 
58.545: [CMS-concurrent-reset-start]
58.546: [CMS-concurrent-reset: 0.001/0.001 secs] [Times: user=0.01 sys=0.00, real=0.00 secs] 
60.545: [GC (CMS Initial Mark) [1 CMS-initial-mark: 389407K(393216K)] 432425K(511232K), 0.0004504 secs] [Times: user=0.01 sys=0.00, real=0.00 secs] 
60.546: [CMS-concurrent-mark-start]
60.555: [CMS-concurrent-mark: 0.009/0.009 secs] [Times: user=0.00 sys=0.00, real=0.01 secs] 
60.555: [CMS-concurrent-preclean-start]
60.557: [CMS-concurrent-preclean: 0.002/0.002 secs] [Times: user=0.01 sys=0.00, real=0.00 secs] 
60.557: [CMS-concurrent-abortable-preclean-start]
60.557: [CMS-concurrent-abortable-preclean: 0.000/0.000 secs] [Times: user=0.00 sys=0.00, real=0.00 secs] 
60.557: [GC (CMS Final Remark) [YG occupancy: 43018 K (118016 K)]60.557: [Rescan (parallel) , 0.0007382 secs]60.558: [weak refs processing, 0.0000234 secs]60.558: [class unloading, 0.0003427 secs]60.559: [scrub symbol table, 0.0007536 secs]60.559: [scrub string table, 0.0005234 secs][1 CMS-remark: 389407K(393216K)] 432425K(511232K), 0.0025366 secs] [Times: user=0.00 sys=0.00, real=0.00 secs] 
60.560: [CMS-concurrent-sweep-start]
60.560: [CMS-concurrent-sweep: 0.000/0.000 secs] [Times: user=0.00 sys=0.00, real=0.00 secs] 
60.560: [CMS-concurrent-reset-start]
60.562: [CMS-concurrent-reset: 0.002/0.002 secs] [Times: user=0.00 sys=0.00, real=0.00 secs] 
62.561: [GC (CMS Initial Mark) [1 CMS-initial-mark: 389407K(393216K)] 452905K(511232K), 0.0004344 secs] [Times: user=0.00 sys=0.00, real=0.00 secs] 
62.562: [CMS-concurrent-mark-start]
62.571: [CMS-concurrent-mark: 0.009/0.009 secs] [Times: user=0.01 sys=0.00, real=0.01 secs] 
62.571: [CMS-concurrent-preclean-start]
62.573: [CMS-concurrent-preclean: 0.002/0.002 secs] [Times: user=0.00 sys=0.00, real=0.01 secs] 
62.573: [CMS-concurrent-abortable-preclean-start]
62.573: [CMS-concurrent-abortable-preclean: 0.000/0.000 secs] [Times: user=0.00 sys=0.00, real=0.00 secs] 
62.573: [GC (CMS Final Remark) [YG occupancy: 63498 K (118016 K)]62.573: [Rescan (parallel) , 0.0007349 secs]62.574: [weak refs processing, 0.0000240 secs]62.574: [class unloading, 0.0003432 secs]62.574: [scrub symbol table, 0.0008000 secs]62.575: [scrub string table, 0.0005339 secs][1 CMS-remark: 389407K(393216K)] 452905K(511232K), 0.0026017 secs] [Times: user=0.01 sys=0.00, real=0.00 secs] 
62.576: [CMS-concurrent-sweep-start]
62.576: [CMS-concurrent-sweep: 0.000/0.000 secs] [Times: user=0.00 sys=0.00, real=0.00 secs] 
62.577: [CMS-concurrent-reset-start]
62.578: [CMS-concurrent-reset: 0.002/0.002 secs] [Times: user=0.00 sys=0.00, real=0.00 secs] 
64.577: [GC (CMS Initial Mark) [1 CMS-initial-mark: 389407K(393216K)] 452905K(511232K), 0.0004330 secs] [Times: user=0.00 sys=0.00, real=0.00 secs] 
64.578: [CMS-concurrent-mark-start]
64.587: [CMS-concurrent-mark: 0.009/0.009 secs] [Times: user=0.01 sys=0.00, real=0.01 secs] 
64.587: [CMS-concurrent-preclean-start]
64.589: [CMS-concurrent-preclean: 0.002/0.002 secs] [Times: user=0.00 sys=0.00, real=0.00 secs] 
64.589: [CMS-concurrent-abortable-preclean-start]
64.589: [CMS-concurrent-abortable-preclean: 0.000/0.000 secs] [Times: user=0.00 sys=0.00, real=0.00 secs] 
64.589: [GC (CMS Final Remark) [YG occupancy: 63498 K (118016 K)]64.589: [Rescan (parallel) , 0.0007444 secs]64.590: [weak refs processing, 0.0000257 secs]64.590: [class unloading, 0.0003723 secs]64.591: [scrub symbol table, 0.0008282 secs]64.591: [scrub string table, 0.0005361 secs][1 CMS-remark: 389407K(393216K)] 452905K(511232K), 0.0026825 secs] [Times: user=0.01 sys=0.00, real=0.01 secs] 
64.592: [CMS-concurrent-sweep-start]
64.593: [CMS-concurrent-sweep: 0.000/0.000 secs] [Times: user=0.00 sys=0.00, real=0.00 secs] 
64.593: [CMS-concurrent-reset-start]
64.594: [CMS-concurrent-reset: 0.001/0.001 secs] [Times: user=0.00 sys=0.00, real=0.00 secs] 
66.593: [GC (CMS Initial Mark) [1 CMS-initial-mark: 389407K(393216K)] 452905K(511232K), 0.0004770 secs] [Times: user=0.00 sys=0.00, real=0.00 secs] 
66.594: [CMS-concurrent-mark-start]
66.602: [CMS-concurrent-mark: 0.008/0.008 secs] [Times: user=0.01 sys=0.00, real=0.00 secs] 
66.603: [CMS-concurrent-preclean-start]
66.605: [CMS-concurrent-preclean: 0.002/0.002 secs] [Times: user=0.00 sys=0.00, real=0.01 secs] 
66.605: [CMS-concurrent-abortable-preclean-start]
66.605: [CMS-concurrent-abortable-preclean: 0.000/0.000 secs] [Times: user=0.00 sys=0.00, real=0.00 secs] 
66.605: [GC (CMS Final Remark) [YG occupancy: 63498 K (118016 K)]66.605: [Rescan (parallel) , 0.0011759 secs]66.606: [weak refs processing, 0.0000253 secs]66.606: [class unloading, 0.0003596 secs]66.607: [scrub symbol table, 0.0007666 secs]66.607: [scrub string table, 0.0005289 secs][1 CMS-remark: 389407K(393216K)] 452905K(511232K), 0.0030415 secs] [Times: user=0.01 sys=0.00, real=0.00 secs] 
66.608: [CMS-concurrent-sweep-start]
66.609: [CMS-concurrent-sweep: 0.000/0.000 secs] [Times: user=0.00 sys=0.00, real=0.00 secs] 
66.609: [CMS-concurrent-reset-start]
66.611: [CMS-concurrent-reset: 0.002/0.002 secs] [Times: user=0.00 sys=0.00, real=0.00 secs] 
68.610: [GC (CMS Initial Mark) [1 CMS-initial-mark: 338207K(393216K)] 403804K(511232K), 0.0004421 secs] [Times: user=0.00 sys=0.00, real=0.00 secs] 
68.611: [CMS-concurrent-mark-start]
68.620: [CMS-concurrent-mark: 0.009/0.009 secs] [Times: user=0.01 sys=0.00, real=0.01 secs] 
68.620: [CMS-concurrent-preclean-start]
68.622: [CMS-concurrent-preclean: 0.002/0.002 secs] [Times: user=0.00 sys=0.00, real=0.00 secs] 
68.622: [CMS-concurrent-abortable-preclean-start]
68.622: [CMS-concurrent-abortable-preclean: 0.000/0.000 secs] [Times: user=0.00 sys=0.00, real=0.00 secs] 
68.622: [GC (CMS Final Remark) [YG occupancy: 65597 K (118016 K)]68.622: [Rescan (parallel) , 0.0009182 secs]68.623: [weak refs processing, 0.0000253 secs]68.623: [class unloading, 0.0003644 secs]68.624: [scrub symbol table, 0.0007321 secs]68.624: [scrub string table, 0.0005291 secs][1 CMS-remark: 338207K(393216K)] 403804K(511232K), 0.0027301 secs] [Times: user=0.00 sys=0.01, real=0.01 secs] 
68.625: [CMS-concurrent-sweep-start]
68.626: [CMS-concurrent-sweep: 0.000/0.000 secs] [Times: user=0.00 sys=0.00, real=0.00 secs] 
68.626: [CMS-concurrent-reset-start]
68.627: [CMS-concurrent-reset: 0.002/0.002 secs] [Times: user=0.00 sys=0.00, real=0.00 secs] 
Heap
 par new generation   total 118016K, used 67696K [0x00000000e0000000, 0x00000000e8000000, 0x00000000e8000000)
  eden space 104960K,  64% used [0x00000000e0000000, 0x00000000e421c390, 0x00000000e6680000)
  from space 13056K,   0% used [0x00000000e7340000, 0x00000000e7340000, 0x00000000e8000000)
  to   space 13056K,   0% used [0x00000000e6680000, 0x00000000e6680000, 0x00000000e7340000)
 concurrent mark-sweep generation total 393216K, used 194846K [0x00000000e8000000, 0x0000000100000000, 0x0000000100000000)
 Metaspace       used 2486K, capacity 4486K, committed 4864K, reserved 1056768K
  class space    used 266K, capacity 386K, committed 512K, reserved 1048576K
